01 Context 3
02 Context 2
03 Context 1
04 Changed B
05 Context 1
06 Context 2
07 Context 3
08 Context 3
09 Context 2
10 Context 1
11 Changed B
12 Context 1
13 Context 2
14 Context 3
