01 Context 3
02 Context 2
03 Context 1
04 Changed B
05 Context 1
06 Context 2
07 Context 3
08 Invisible 1
09 Invisible 2
10 Invisible 3
11 Invisible 4
12 Context 3
13 Context 2
14 Context 1
15 Changed B
16 Context 1
17 Context 2
18 Context 3
